docker.exe : /opt/conda/lib/python3.10/site-packages/timm/models/layers/__init__.py:49: FutureWarning: Importing from 
timm.models.layers is deprecated, please import via timm.layers
At C:\GitProjects\beyond-proximity\scripts\run_conceptgraphs_full.ps1:78 char:9
+         & docker @detectionArgs 2>&1 | Tee-Object -FilePath (Join-Pat ...
+         ~~~~~~~~~~~~~~~~~~~~~~~~~~~~
    + CategoryInfo          : NotSpecified: (/opt/conda/lib/...via timm.layers:String) [], RemoteException
    + FullyQualifiedErrorId : NativeCommandError
 
  warnings.warn(f"Importing from {__name__} is deprecated, please import via timm.layers", FutureWarning)
Warning: You are sending unauthenticated requests to the HF Hub. Please set a HF_TOKEN to enable higher rate limits 
and faster downloads.
  0%|                                               | 0.00/338M [00:00<?, ?iB/s]
  0%|                                       | 128k/338M [00:00<05:04, 1.16MiB/s]
  0%|                                       | 304k/338M [00:00<03:57, 1.49MiB/s]
  0%|                                       | 704k/338M [00:00<02:14, 2.62MiB/s]
  0%|▏                                     | 1.58M/338M [00:00<01:08, 5.17MiB/s]
  1%|▎                                     | 2.92M/338M [00:00<00:42, 8.28MiB/s]
  1%|▍                                     | 3.73M/338M [00:00<01:10, 4.94MiB/s]
  1%|▍                                     | 4.34M/338M [00:01<01:25, 4.11MiB/s]
  1%|▌                                     | 4.85M/338M [00:01<01:24, 4.13MiB/s]
  2%|▋                                     | 5.60M/338M [00:01<01:10, 4.91MiB/s]
  2%|▊                                     | 7.12M/338M [00:01<00:46, 7.47MiB/s]
  3%|█                                     | 9.47M/338M [00:01<00:29, 11.7MiB/s]
  3%|█▏                                    | 10.8M/338M [00:01<00:35, 9.69MiB/s]
  4%|█▍                                    | 12.7M/338M [00:01<00:28, 12.1MiB/s]
  4%|█▌                                    | 14.1M/338M [00:01<00:29, 11.4MiB/s]
  5%|█▉                                    | 16.9M/338M [00:02<00:21, 15.8MiB/s]
  6%|██▏                                   | 18.9M/338M [00:02<00:19, 17.2MiB/s]
  6%|██▎                                   | 21.1M/338M [00:02<00:19, 16.6MiB/s]
  7%|██▌                                   | 22.8M/338M [00:02<00:25, 12.8MiB/s]
  7%|██▋                                   | 24.3M/338M [00:02<00:24, 13.5MiB/s]
  8%|██▉                                   | 25.7M/338M [00:02<00:23, 13.8MiB/s]
  8%|███                                   | 27.7M/338M [00:02<00:21, 15.4MiB/s]
  9%|███▎                                  | 29.7M/338M [00:03<00:29, 11.0MiB/s]
  9%|███▌                                  | 31.2M/338M [00:03<00:26, 12.0MiB/s]
 10%|███▊                                  | 33.5M/338M [00:03<00:22, 14.5MiB/s]
 10%|███▉                                  | 35.1M/338M [00:03<00:45, 6.99MiB/s]
 11%|████▏                                 | 37.2M/338M [00:04<00:39, 8.06MiB/s]
 12%|████▍                                 | 39.8M/338M [00:04<00:28, 10.9MiB/s]
 12%|████▋                                 | 42.0M/338M [00:04<00:23, 13.1MiB/s]
 13%|████▉                                 | 44.3M/338M [00:04<00:20, 15.1MiB/s]
 14%|█████▏                                | 46.2M/338M [00:04<00:21, 14.5MiB/s]
 14%|█████▍                                | 47.9M/338M [00:04<00:23, 12.7MiB/s]
 15%|█████▌                                | 49.4M/338M [00:04<00:24, 12.6MiB/s]
 15%|█████▋                                | 50.8M/338M [00:05<00:25, 11.9MiB/s]
 15%|█████▊                                | 52.0M/338M [00:05<00:26, 11.2MiB/s]
 16%|█████▉                                | 53.2M/338M [00:05<00:28, 10.4MiB/s]
 16%|██████                                | 54.3M/338M [00:05<00:44, 6.63MiB/s]
 16%|██████▏                               | 55.4M/338M [00:05<00:43, 6.83MiB/s]
 17%|██████▎                               | 56.2M/338M [00:05<00:43, 6.79MiB/s]
 17%|██████▍                               | 57.2M/338M [00:06<00:41, 7.03MiB/s]
 17%|██████▌                               | 58.0M/338M [00:06<01:21, 3.60MiB/s]
 18%|██████▊                               | 60.0M/338M [00:06<00:50, 5.82MiB/s]
 18%|██████▉                               | 61.7M/338M [00:06<00:44, 6.45MiB/s]
 19%|███████                               | 62.6M/338M [00:07<00:50, 5.72MiB/s]
 19%|███████▏                              | 63.4M/338M [00:07<01:12, 3.96MiB/s]
 20%|███████▍                              | 66.3M/338M [00:07<00:38, 7.35MiB/s]
 20%|███████▋                              | 68.1M/338M [00:07<00:31, 9.11MiB/s]
 21%|███████▊                              | 69.5M/338M [00:08<00:30, 9.25MiB/s]
 21%|███████▉                              | 70.8M/338M [00:08<00:30, 9.28MiB/s]
 21%|████████                              | 72.0M/338M [00:08<00:29, 9.30MiB/s]
 22%|████████▏                             | 73.1M/338M [00:08<00:32, 8.45MiB/s]
 22%|████████▍                             | 74.4M/338M [00:08<00:29, 9.51MiB/s]
 22%|████████▍                             | 75.5M/338M [00:08<00:28, 9.62MiB/s]
 23%|████████▌                             | 76.5M/338M [00:08<00:28, 9.56MiB/s]
 23%|████████▋                             | 77.5M/338M [00:09<00:35, 7.73MiB/s]
 23%|████████▊                             | 78.6M/338M [00:09<00:36, 7.44MiB/s]
 24%|████████▉                             | 79.7M/338M [00:09<00:34, 7.86MiB/s]
 24%|█████████                             | 80.6M/338M [00:09<00:33, 8.04MiB/s]
 24%|█████████▏                            | 81.4M/338M [00:09<00:42, 6.30MiB/s]
 24%|█████████▏                            | 82.0M/338M [00:10<01:12, 3.70MiB/s]
 24%|█████████▎                            | 82.6M/338M [00:10<01:17, 3.46MiB/s]
 25%|█████████▌                            | 84.7M/338M [00:10<00:45, 5.87MiB/s]
 25%|█████████▋                            | 85.5M/338M [00:10<00:45, 5.81MiB/s]
 26%|█████████▊                            | 87.3M/338M [00:10<00:32, 8.04MiB/s]
 26%|█████████▉                            | 88.8M/338M [00:10<00:26, 9.68MiB/s]
 27%|██████████▏                           | 90.0M/338M [00:10<00:25, 10.2MiB/s]
 27%|██████████▎                           | 91.2M/338M [00:11<00:33, 7.70MiB/s]
 27%|██████████▍                           | 92.7M/338M [00:11<00:29, 8.81MiB/s]
 28%|██████████▌                           | 93.7M/338M [00:11<00:36, 6.94MiB/s]
 28%|██████████▋                           | 94.9M/338M [00:11<00:32, 7.90MiB/s]
 29%|██████████▊                           | 96.5M/338M [00:11<00:25, 9.83MiB/s]
 29%|███████████                           | 97.9M/338M [00:11<00:23, 10.8MiB/s]
 29%|███████████▏                          | 99.5M/338M [00:11<00:20, 12.4MiB/s]
 30%|███████████▋                           | 101M/338M [00:12<00:19, 13.0MiB/s]
 30%|███████████▊                           | 102M/338M [00:12<00:18, 13.4MiB/s]
 31%|████████████                           | 104M/338M [00:12<00:17, 14.3MiB/s]
 31%|████████████▏                          | 106M/338M [00:12<00:15, 15.8MiB/s]
 32%|████████████▍                          | 107M/338M [00:12<00:15, 15.6MiB/s]
 33%|████████████▋                          | 110M/338M [00:12<00:12, 18.8MiB/s]
 33%|████████████▉                          | 112M/338M [00:12<00:12, 18.3MiB/s]
 34%|█████████████                          | 113M/338M [00:12<00:15, 14.9MiB/s]
 34%|█████████████▍                         | 116M/338M [00:12<00:13, 17.7MiB/s]
 35%|█████████████▌                         | 118M/338M [00:13<00:13, 17.4MiB/s]
 35%|█████████████▊                         | 120M/338M [00:13<00:20, 11.4MiB/s]
 36%|██████████████                         | 122M/338M [00:13<00:15, 14.6MiB/s]
 37%|██████████████▎                        | 124M/338M [00:13<00:18, 12.2MiB/s]
 37%|██████████████▌                        | 126M/338M [00:13<00:14, 14.9MiB/s]
 38%|██████████████▊                        | 128M/338M [00:13<00:14, 14.8MiB/s]
 38%|███████████████                        | 130M/338M [00:14<00:18, 12.0MiB/s]
 39%|███████████████▎                       | 133M/338M [00:14<00:14, 15.2MiB/s]
 40%|███████████████▌                       | 134M/338M [00:14<00:13, 15.5MiB/s]
 41%|███████████████▊                       | 137M/338M [00:14<00:12, 17.2MiB/s]
 41%|████████████████▏                      | 140M/338M [00:14<00:12, 16.7MiB/s]
 42%|████████████████▎                      | 142M/338M [00:14<00:12, 16.4MiB/s]
 42%|████████████████▌                      | 143M/338M [00:14<00:12, 16.2MiB/s]
 43%|████████████████▋                      | 145M/338M [00:15<00:15, 12.9MiB/s]
 43%|████████████████▉                      | 146M/338M [00:15<00:29, 6.72MiB/s]
 44%|█████████████████▏                     | 148M/338M [00:15<00:21, 9.10MiB/s]
 45%|█████████████████▍                     | 151M/338M [00:15<00:15, 12.2MiB/s]
 46%|█████████████████▊                     | 154M/338M [00:15<00:12, 15.5MiB/s]
 46%|██████████████████                     | 156M/338M [00:16<00:11, 16.1MiB/s]
 47%|██████████████████▎                    | 158M/338M [00:16<00:10, 17.1MiB/s]
 48%|██████████████████▌                    | 161M/338M [00:16<00:09, 20.0MiB/s]
 48%|██████████████████▊                    | 163M/338M [00:16<00:14, 12.4MiB/s]
 49%|███████████████████                    | 165M/338M [00:16<00:16, 11.3MiB/s]
 49%|███████████████████▏                   | 166M/338M [00:18<00:56, 
3.16MiB/s]
 50%|███████████████████▎                   | 167M/338M [00:18<00:49, 
3.59MiB/s]
 50%|███████████████████▍                   | 168M/338M [00:19<00:56, 
3.16MiB/s]
 50%|███████████████████▌                   | 169M/338M [00:19<00:53, 
3.32MiB/s]
 50%|███████████████████▌                   | 170M/338M [00:19<00:54, 
3.24MiB/s]
 50%|███████████████████▋                   | 170M/338M [00:19<00:57, 
3.04MiB/s]
 51%|███████████████████▋                   | 171M/338M [00:19<00:59, 
2.94MiB/s]
 51%|███████████████████▊                   | 171M/338M [00:20<01:05, 
2.65MiB/s]
 51%|███████████████████▊                   | 171M/338M [00:20<01:09, 
2.52MiB/s]
 51%|███████████████████▊                   | 172M/338M [00:20<01:09, 
2.51MiB/s]
 51%|███████████████████▊                   | 172M/338M [00:20<01:11, 
2.44MiB/s]
 51%|███████████████████▉                   | 172M/338M [00:20<01:11, 
2.44MiB/s]
 51%|███████████████████▉                   | 172M/338M [00:20<01:08, 
2.52MiB/s]
 51%|███████████████████▉                   | 173M/338M [00:20<01:03, 
2.74MiB/s]
 51%|███████████████████▉                   | 173M/338M [00:21<00:59, 
2.88MiB/s]
 51%|████████████████████                   | 173M/338M [00:21<00:56, 
3.05MiB/s]
 51%|████████████████████                   | 174M/338M [00:21<00:54, 
3.17MiB/s]
 52%|████████████████████                   | 174M/338M [00:21<00:52, 
3.27MiB/s]
 52%|████████████████████▏                  | 175M/338M [00:21<00:49, 
3.46MiB/s]
 52%|████████████████████▏                  | 175M/338M [00:21<01:00, 
2.82MiB/s]
 52%|████████████████████▎                  | 176M/338M [00:21<00:41, 
4.06MiB/s]
 52%|████████████████████▎                  | 176M/338M [00:21<00:40, 
4.15MiB/s]
 52%|████████████████████▍                  | 176M/338M [00:21<00:40, 
4.16MiB/s]
 52%|████████████████████▍                  | 177M/338M [00:22<00:37, 
4.49MiB/s]
 53%|████████████████████▌                  | 178M/338M [00:22<00:33, 
5.02MiB/s]
 53%|████████████████████▌                  | 178M/338M [00:22<00:31, 
5.29MiB/s]
 53%|████████████████████▋                  | 179M/338M [00:22<00:29, 
5.64MiB/s]
 53%|████████████████████▋                  | 179M/338M [00:22<00:27, 
5.93MiB/s]
 53%|████████████████████▊                  | 180M/338M [00:22<00:27, 
6.07MiB/s]
 54%|████████████████████▉                  | 181M/338M [00:22<00:26, 
6.32MiB/s]
 54%|████████████████████▉                  | 182M/338M [00:22<00:23, 
6.87MiB/s]
 54%|█████████████████████                  | 182M/338M [00:22<00:26, 
6.07MiB/s]
 54%|█████████████████████▏                 | 184M/338M [00:23<00:18, 
8.70MiB/s]
 55%|█████████████████████▎                 | 185M/338M [00:23<00:18, 
8.89MiB/s]
 55%|█████████████████████▍                 | 185M/338M [00:23<00:18, 
8.80MiB/s]
 55%|█████████████████████▌                 | 186M/338M [00:23<00:25, 
6.14MiB/s]
 55%|█████████████████████▌                 | 187M/338M [00:23<00:47, 
3.35MiB/s]
 56%|█████████████████████▋                 | 188M/338M [00:24<01:00, 
2.62MiB/s]
 56%|█████████████████████▊                 | 188M/338M [00:24<00:53, 
2.91MiB/s]
 56%|█████████████████████▊                 | 189M/338M [00:24<00:49, 
3.13MiB/s]
 56%|█████████████████████▉                 | 189M/338M [00:25<01:05, 
2.37MiB/s]
 56%|█████████████████████▉                 | 190M/338M [00:25<01:19, 
1.96MiB/s]
 56%|█████████████████████▉                 | 190M/338M [00:25<01:27, 
1.76MiB/s]
 56%|█████████████████████▉                 | 190M/338M [00:25<01:36, 
1.61MiB/s]
 56%|█████████████████████▉                 | 190M/338M [00:25<01:42, 
1.51MiB/s]
 56%|██████████████████████                 | 191M/338M [00:26<01:49, 
1.41MiB/s]
 56%|██████████████████████                 | 191M/338M [00:26<01:52, 
1.37MiB/s]
 57%|██████████████████████                 | 191M/338M [00:26<01:57, 
1.31MiB/s]
 57%|██████████████████████                 | 191M/338M [00:26<02:02, 
1.25MiB/s]
 57%|██████████████████████                 | 191M/338M [00:26<02:05, 
1.23MiB/s]
 57%|██████████████████████                 | 191M/338M [00:26<02:07, 
1.21MiB/s]
 57%|██████████████████████                 | 191M/338M [00:26<02:08, 
1.19MiB/s]
 57%|██████████████████████                 | 191M/338M [00:26<02:08, 
1.20MiB/s]
 57%|██████████████████████▏                | 192M/338M [00:27<02:12, 
1.16MiB/s]
 57%|██████████████████████▏                | 192M/338M [00:27<02:12, 
1.15MiB/s]
 57%|██████████████████████▏                | 192M/338M [00:27<02:12, 
1.15MiB/s]
 57%|██████████████████████▏                | 192M/338M [00:27<02:12, 
1.15MiB/s]
 57%|██████████████████████▏                | 192M/338M [00:27<02:12, 
1.15MiB/s]
 57%|██████████████████████▏                | 192M/338M [00:27<02:12, 
1.15MiB/s]
 57%|██████████████████████▏                | 192M/338M [00:27<02:13, 
1.14MiB/s]
 57%|██████████████████████▏                | 192M/338M [00:27<02:13, 
1.14MiB/s]
 57%|██████████████████████▏                | 192M/338M [00:27<02:13, 
1.14MiB/s]
 57%|██████████████████████▎                | 193M/338M [00:28<02:13, 
1.14MiB/s]
 57%|██████████████████████▎                | 193M/338M [00:28<02:13, 
1.14MiB/s]
 57%|██████████████████████▎                | 193M/338M [00:28<02:12, 
1.15MiB/s]
 57%|██████████████████████▎                | 193M/338M [00:28<02:12, 
1.14MiB/s]
 57%|██████████████████████▎                | 193M/338M [00:28<02:12, 
1.14MiB/s]
 57%|██████████████████████▎                | 193M/338M [00:28<02:12, 
1.14MiB/s]
 57%|██████████████████████▎                | 193M/338M [00:28<02:07, 
1.18MiB/s]
 57%|██████████████████████▎                | 193M/338M [00:28<02:03, 
1.23MiB/s]
 57%|██████████████████████▎                | 194M/338M [00:28<01:57, 
1.28MiB/s]
 57%|██████████████████████▍                | 194M/338M [00:29<01:53, 
1.33MiB/s]
 57%|██████████████████████▍                | 194M/338M [00:29<01:51, 
1.35MiB/s]
 57%|██████████████████████▍                | 194M/338M [00:29<01:46, 
1.41MiB/s]
 58%|██████████████████████▍                | 194M/338M [00:29<01:49, 
1.38MiB/s]
 58%|██████████████████████▍                | 194M/338M [00:29<01:38, 
1.52MiB/s]
 58%|██████████████████████▍                | 195M/338M [00:29<01:35, 
1.58MiB/s]
 58%|██████████████████████▍                | 195M/338M [00:29<01:32, 
1.62MiB/s]
 58%|██████████████████████▌                | 195M/338M [00:29<01:30, 
1.65MiB/s]
 58%|██████████████████████▌                | 195M/338M [00:29<01:23, 
1.79MiB/s]
 58%|██████████████████████▌                | 195M/338M [00:29<01:21, 
1.82MiB/s]
 58%|██████████████████████▌                | 195M/338M [00:30<01:18, 
1.91MiB/s]
 58%|██████████████████████▌                | 196M/338M [00:30<01:15, 
1.97MiB/s]
 58%|██████████████████████▋                | 196M/338M [00:30<01:13, 
2.01MiB/s]
 58%|██████████████████████▋                | 196M/338M [00:30<01:11, 
2.08MiB/s]
 58%|██████████████████████▋                | 196M/338M [00:30<01:04, 
2.28MiB/s]
 58%|██████████████████████▋                | 197M/338M [00:30<00:56, 
2.59MiB/s]
 58%|██████████████████████▊                | 197M/338M [00:30<00:48, 
3.01MiB/s]
 59%|██████████████████████▊                | 198M/338M [00:30<00:41, 
3.56MiB/s]
 59%|██████████████████████▉                | 198M/338M [00:30<00:34, 
4.22MiB/s]
 59%|██████████████████████▉                | 199M/338M [00:30<00:29, 
4.95MiB/s]
 59%|███████████████████████                | 199M/338M [00:31<00:25, 
5.62MiB/s]
 59%|███████████████████████                | 200M/338M [00:31<00:23, 
6.08MiB/s]
 59%|███████████████████████▏               | 201M/338M [00:31<00:26, 
5.33MiB/s]
 60%|███████████████████████▏               | 201M/338M [00:31<00:29, 
4.81MiB/s]
 60%|███████████████████████▎               | 202M/338M [00:31<00:30, 
4.65MiB/s]
 60%|███████████████████████▍               | 203M/338M [00:31<00:24, 
5.74MiB/s]
 60%|███████████████████████▌               | 203M/338M [00:31<00:29, 
4.84MiB/s]
 60%|███████████████████████▌               | 204M/338M [00:32<00:30, 
4.60MiB/s]
 61%|███████████████████████▋               | 205M/338M [00:32<00:24, 
5.59MiB/s]
 61%|███████████████████████▉               | 207M/338M [00:32<00:14, 
9.17MiB/s]
 62%|████████████████████████               | 208M/338M [00:32<00:20, 
6.78MiB/s]
 62%|████████████████████████▏              | 209M/338M 
[00:32<00:17, 7.65MiB/s]
 62%|████████████████████████▎              | 210M/338M 
[00:32<00:17, 7.69MiB/s]
 62%|████████████████████████▎              | 211M/338M 
[00:32<00:16, 7.92MiB/s]
 63%|████████████████████████▍              | 212M/338M 
[00:33<00:31, 4.14MiB/s]
 63%|████████████████████████▋              | 214M/338M 
[00:33<00:17, 7.46MiB/s]
 64%|████████████████████████▊              | 215M/338M 
[00:33<00:15, 8.18MiB/s]
 64%|█████████████████████████              | 217M/338M 
[00:33<00:12, 10.3MiB/s]
 65%|█████████████████████████▏             | 218M/338M 
[00:34<00:28, 4.46MiB/s]
 65%|█████████████████████████▎             | 219M/338M 
[00:34<00:26, 4.64MiB/s]
 65%|█████████████████████████▍             | 220M/338M 
[00:34<00:25, 4.89MiB/s]
 65%|█████████████████████████▌             | 221M/338M 
[00:35<00:26, 4.54MiB/s]
 66%|█████████████████████████▊             | 224M/338M 
[00:35<00:14, 8.07MiB/s]
 67%|█████████████████████████▉             | 225M/338M 
[00:35<00:13, 8.77MiB/s]
 67%|██████████████████████████▏            | 226M/338M 
[00:35<00:13, 8.58MiB/s]
 67%|██████████████████████████▎            | 227M/338M 
[00:35<00:13, 8.29MiB/s]
 68%|██████████████████████████▎            | 228M/338M 
[00:35<00:14, 7.85MiB/s]
 68%|██████████████████████████▍            | 229M/338M 
[00:35<00:15, 7.29MiB/s]
 68%|██████████████████████████▌            | 230M/338M 
[00:36<00:23, 4.85MiB/s]
 69%|██████████████████████████▋            | 231M/338M 
[00:36<00:17, 6.41MiB/s]
 69%|██████████████████████████▊            | 232M/338M 
[00:36<00:17, 6.33MiB/s]
 69%|██████████████████████████▉            | 233M/338M 
[00:37<00:32, 3.38MiB/s]
 69%|██████████████████████████▉            | 233M/338M 
[00:37<00:32, 3.33MiB/s]
 69%|███████████████████████████            | 234M/338M 
[00:37<00:30, 3.55MiB/s]
 69%|███████████████████████████            | 234M/338M 
[00:38<01:07, 1.60MiB/s]
 70%|███████████████████████████▏           | 235M/338M 
[00:38<00:54, 1.95MiB/s]
 70%|███████████████████████████▎           | 236M/338M 
[00:38<00:37, 2.84MiB/s]
 70%|███████████████████████████▎           | 237M/338M 
[00:38<00:33, 3.14MiB/s]
 70%|███████████████████████████▍           | 238M/338M 
[00:38<00:25, 4.12MiB/s]
 71%|███████████████████████████▌           | 239M/338M 
[00:39<00:19, 5.29MiB/s]
 71%|███████████████████████████▋           | 240M/338M 
[00:39<00:18, 5.53MiB/s]
 71%|███████████████████████████▊           | 240M/338M 
[00:39<00:17, 5.89MiB/s]
 71%|███████████████████████████▊           | 241M/338M 
[00:39<00:17, 5.66MiB/s]
 72%|███████████████████████████▉           | 242M/338M 
[00:39<00:32, 3.13MiB/s]
 72%|████████████████████████████           | 243M/338M 
[00:39<00:19, 5.13MiB/s]
 72%|████████████████████████████▏          | 244M/338M 
[00:40<00:28, 3.41MiB/s]
 73%|████████████████████████████▎          | 245M/338M 
[00:40<00:22, 4.28MiB/s]
 73%|████████████████████████████▍          | 246M/338M 
[00:40<00:18, 5.23MiB/s]
 73%|████████████████████████████▌          | 247M/338M 
[00:41<00:30, 3.14MiB/s]
 73%|████████████████████████████▋          | 248M/338M 
[00:41<00:28, 3.27MiB/s]
 74%|████████████████████████████▋          | 249M/338M 
[00:41<00:21, 4.25MiB/s]
 74%|████████████████████████████▊          | 249M/338M 
[00:41<00:20, 4.45MiB/s]
 74%|████████████████████████████▉          | 250M/338M 
[00:41<00:19, 4.63MiB/s]
 74%|█████████████████████████████          | 251M/338M 
[00:41<00:16, 5.62MiB/s]
 75%|█████████████████████████████          | 252M/338M 
[00:42<00:21, 4.23MiB/s]
 75%|█████████████████████████████▏         | 252M/338M 
[00:42<00:25, 3.47MiB/s]
 75%|█████████████████████████████▎         | 253M/338M 
[00:42<00:18, 4.83MiB/s]
 75%|█████████████████████████████▎         | 254M/338M 
[00:42<00:23, 3.73MiB/s]
 76%|█████████████████████████████▍         | 255M/338M 
[00:43<00:21, 4.08MiB/s]
 76%|█████████████████████████████▌         | 255M/338M 
[00:43<00:26, 3.27MiB/s]
 76%|█████████████████████████████▋         | 257M/338M 
[00:43<00:22, 3.72MiB/s]
 76%|█████████████████████████████▋         | 257M/338M 
[00:43<00:22, 3.78MiB/s]
 77%|█████████████████████████████▊         | 258M/338M 
[00:43<00:16, 5.15MiB/s]
 77%|█████████████████████████████▉         | 259M/338M 
[00:44<00:16, 5.04MiB/s]
 77%|█████████████████████████████▉         | 260M/338M 
[00:44<00:16, 4.92MiB/s]
 77%|██████████████████████████████         | 260M/338M 
[00:44<00:17, 4.76MiB/s]
 77%|██████████████████████████████         | 261M/338M 
[00:44<00:17, 4.74MiB/s]
 77%|██████████████████████████████▏        | 261M/338M 
[00:44<00:16, 4.75MiB/s]
 78%|██████████████████████████████▏        | 262M/338M 
[00:44<00:16, 4.72MiB/s]
 78%|██████████████████████████████▎        | 262M/338M 
[00:44<00:16, 4.68MiB/s]
 78%|██████████████████████████████▎        | 263M/338M 
[00:44<00:16, 4.64MiB/s]
 78%|██████████████████████████████▍        | 263M/338M 
[00:44<00:16, 4.62MiB/s]
 78%|██████████████████████████████▍        | 264M/338M 
[00:45<00:17, 4.50MiB/s]
 78%|██████████████████████████████▍        | 264M/338M 
[00:45<00:16, 4.63MiB/s]
 78%|██████████████████████████████▌        | 264M/338M 
[00:45<00:16, 4.62MiB/s]
 78%|██████████████████████████████▌        | 265M/338M 
[00:45<00:16, 4.57MiB/s]
 79%|██████████████████████████████▋        | 265M/338M 
[00:45<00:16, 4.60MiB/s]
 79%|██████████████████████████████▋        | 266M/338M 
[00:45<00:19, 3.80MiB/s]
 79%|██████████████████████████████▊        | 267M/338M 
[00:45<00:15, 4.80MiB/s]
 79%|██████████████████████████████▊        | 267M/338M 
[00:45<00:18, 4.06MiB/s]
 79%|██████████████████████████████▉        | 268M/338M 
[00:46<00:15, 4.87MiB/s]
 79%|██████████████████████████████▉        | 268M/338M 
[00:46<00:15, 4.80MiB/s]
 80%|███████████████████████████████        | 269M/338M 
[00:46<00:15, 4.74MiB/s]
 80%|███████████████████████████████        | 269M/338M 
[00:46<00:15, 4.69MiB/s]
 80%|███████████████████████████████▏       | 
270M/338M [00:46<00:15, 4.66MiB/s]
 80%|███████████████████████████████▏       | 
270M/338M [00:46<00:15, 4.67MiB/s]
 80%|███████████████████████████████▎       | 
271M/338M [00:46<00:15, 4.64MiB/s]
 80%|███████████████████████████████▎       | 
271M/338M [00:46<00:15, 4.61MiB/s]
 80%|███████████████████████████████▎       | 
271M/338M [00:46<00:15, 4.59MiB/s]
 81%|███████████████████████████████▍       | 
272M/338M [00:46<00:14, 4.60MiB/s]
 81%|███████████████████████████████▍       | 
272M/338M [00:47<00:15, 4.55MiB/s]
 81%|███████████████████████████████▌       | 
273M/338M [00:47<00:27, 2.49MiB/s]
 81%|███████████████████████████████▌       | 
273M/338M [00:47<00:29, 2.29MiB/s]
 81%|███████████████████████████████▌       | 
274M/338M [00:47<00:24, 2.76MiB/s]
 82%|███████████████████████████████▊       | 
275M/338M [00:47<00:11, 5.60MiB/s]
 82%|███████████████████████████████▉       | 
276M/338M [00:48<00:11, 5.40MiB/s]
 82%|███████████████████████████████▉       | 
277M/338M [00:48<00:24, 2.64MiB/s]
 82%|████████████████████████████████       | 
277M/338M [00:48<00:23, 2.73MiB/s]
 82%|████████████████████████████████       | 
278M/338M [00:49<00:23, 2.71MiB/s]
 82%|████████████████████████████████▏      | 
278M/338M [00:49<00:17, 3.48MiB/s]
 83%|████████████████████████████████▏      | 
279M/338M [00:49<00:19, 3.09MiB/s]
 83%|████████████████████████████████▎      | 
279M/338M [00:49<00:21, 2.83MiB/s]
 83%|████████████████████████████████▎      | 
280M/338M [00:49<00:22, 2.67MiB/s]
 83%|████████████████████████████████▎      | 
280M/338M [00:49<00:23, 2.58MiB/s]
 83%|████████████████████████████████▎      | 
280M/338M [00:49<00:24, 2.49MiB/s]
 83%|████████████████████████████████▍      | 
280M/338M [00:50<00:24, 2.41MiB/s]
 83%|████████████████████████████████▍      | 
281M/338M [00:50<00:25, 2.38MiB/s]
 83%|████████████████████████████████▍      | 
281M/338M [00:50<00:25, 2.32MiB/s]
 83%|████████████████████████████████▍      | 
281M/338M [00:50<00:25, 2.32MiB/s]
 83%|████████████████████████████████▌      | 
281M/338M [00:50<00:25, 2.27MiB/s]
 83%|████████████████████████████████▌      | 
282M/338M [00:50<00:25, 2.26MiB/s]
 83%|████████████████████████████████▌      | 
282M/338M [00:50<00:26, 2.25MiB/s]
 84%|████████████████████████████████▌      | 
282M/338M [00:50<00:25, 2.25MiB/s]
 84%|████████████████████████████████▌      | 
282M/338M [00:50<00:25, 2.24MiB/s]
 84%|████████████████████████████████▋      | 
282M/338M [00:51<00:25, 2.23MiB/s]
 84%|████████████████████████████████▋      | 
283M/338M [00:51<00:25, 2.23MiB/s]
 84%|████████████████████████████████▋      | 
283M/338M [00:51<00:25, 2.22MiB/s]
 84%|████████████████████████████████▋      | 
283M/338M [00:51<00:25, 2.22MiB/s]
 84%|████████████████████████████████▋      | 
283M/338M [00:51<00:25, 2.22MiB/s]
 84%|████████████████████████████████▊      | 
284M/338M [00:51<00:25, 2.22MiB/s]
 84%|████████████████████████████████▊      | 
284M/338M [00:51<00:25, 2.22MiB/s]
 84%|████████████████████████████████▊      | 
284M/338M [00:51<00:25, 2.22MiB/s]
 84%|████████████████████████████████▊      | 
284M/338M [00:51<00:25, 2.21MiB/s]
 84%|████████████████████████████████▊      | 
284M/338M [00:51<00:25, 2.22MiB/s]
 84%|████████████████████████████████▉      | 
285M/338M [00:52<00:24, 2.22MiB/s]
 84%|████████████████████████████████▉      | 
285M/338M [00:52<00:24, 2.21MiB/s]
 84%|████████████████████████████████▉      | 
285M/338M [00:52<00:24, 2.22MiB/s]
 85%|████████████████████████████████▉      | 
285M/338M [00:52<00:24, 2.20MiB/s]
 85%|████████████████████████████████▉      | 
286M/338M [00:52<00:24, 2.21MiB/s]
 85%|█████████████████████████████████      | 
286M/338M [00:52<00:24, 2.22MiB/s]
 85%|█████████████████████████████████      | 
286M/338M [00:52<00:27, 1.97MiB/s]
 85%|█████████████████████████████████      | 
286M/338M [00:52<00:23, 2.29MiB/s]
 85%|█████████████████████████████████      | 
287M/338M [00:52<00:23, 2.29MiB/s]
 85%|█████████████████████████████████▏     | 
287M/338M [00:53<00:23, 2.25MiB/s]
 85%|█████████████████████████████████▏     | 
287M/338M [00:53<00:23, 2.23MiB/s]
 85%|█████████████████████████████████▏     | 
287M/338M [00:53<00:23, 2.23MiB/s]
 85%|█████████████████████████████████▏     | 
287M/338M [00:53<00:23, 2.26MiB/s]
 85%|█████████████████████████████████▏     | 
288M/338M [00:53<00:21, 2.43MiB/s]
 85%|█████████████████████████████████▎     | 
288M/338M [00:53<00:18, 2.74MiB/s]
 85%|█████████████████████████████████▎     | 
288M/338M [00:53<00:16, 3.17MiB/s]
 86%|█████████████████████████████████▍     | 
289M/338M [00:53<00:13, 3.70MiB/s]
 86%|█████████████████████████████████▍     | 
290M/338M [00:53<00:11, 4.42MiB/s]
 86%|█████████████████████████████████▌     | 
290M/338M [00:54<00:09, 5.27MiB/s]
 86%|█████████████████████████████████▋     | 
291M/338M [00:54<00:07, 6.30MiB/s]
 87%|█████████████████████████████████▋     | 
292M/338M [00:54<00:06, 7.46MiB/s]
 87%|█████████████████████████████████▊     | 
293M/338M [00:54<00:05, 8.37MiB/s]
 87%|█████████████████████████████████▉     | 
294M/338M [00:54<00:05, 8.87MiB/s]
 87%|██████████████████████████████████     | 
295M/338M [00:54<00:04, 9.32MiB/s]
 88%|██████████████████████████████████▏    | 
296M/338M [00:54<00:04, 9.53MiB/s]
 88%|██████████████████████████████████▎    | 
297M/338M [00:54<00:04, 10.1MiB/s]
 88%|██████████████████████████████████▍    | 
298M/338M [00:54<00:03, 10.4MiB/s]
 89%|██████████████████████████████████▌    | 
299M/338M [00:54<00:03, 10.4MiB/s]
 89%|██████████████████████████████████▋    | 
300M/338M [00:55<00:03, 10.6MiB/s]
 89%|██████████████████████████████████▊    | 
301M/338M [00:55<00:03, 10.7MiB/s]
 90%|██████████████████████████████████▉    | 
302M/338M [00:55<00:03, 10.6MiB/s]
 90%|███████████████████████████████████    | 
303M/338M [00:55<00:04, 8.71MiB/s]
 90%|███████████████████████████████████▏   | 
304M/338M [00:55<00:03, 8.87MiB/s]
 91%|███████████████████████████████████▍   | 
306M/338M [00:55<00:02, 12.0MiB/s]
 91%|███████████████████████████████████▌   | 
308M/338M [00:56<00:04, 6.47MiB/s]
 91%|███████████████████████████████████▋   | 
309M/338M [00:56<00:04, 7.20MiB/s]
 92%|███████████████████████████████████▊   | 
310M/338M [00:56<00:03, 8.03MiB/s]
 92%|███████████████████████████████████▉   | 
311M/338M [00:56<00:03, 8.76MiB/s]
 93%|████████████████████████████████████   | 
312M/338M [00:56<00:02, 9.36MiB/s]
 93%|████████████████████████████████████▏  
| 314M/338M [00:56<00:03, 8.34MiB/s]
 93%|████████████████████████████████████▎  
| 314M/338M [00:56<00:02, 8.08MiB/s]
 94%|████████████████████████████████████▌  
| 317M/338M [00:56<00:01, 11.4MiB/s]
 94%|████████████████████████████████████▋  
| 318M/338M [00:57<00:01, 11.4MiB/s]
 95%|████████████████████████████████████▊  
| 319M/338M [00:57<00:01, 11.7MiB/s]
 95%|█████████████████████████████████████  
| 320M/338M [00:57<00:01, 10.2MiB/s]
 
95%|█████████████████████████████████████▏ 
| 321M/338M [00:57<00:01, 9.91MiB/s]
 
95%|█████████████████████████████████████▏ 
| 322M/338M [00:57<00:01, 9.30MiB/s]
 
96%|█████████████████████████████████████▍ 
| 324M/338M [00:57<00:01, 11.1MiB/s]
 
96%|█████████████████████████████████████▌ 
| 325M/338M [00:57<00:01, 8.50MiB/s]
 
97%|█████████████████████████████████████▋ 
| 326M/338M [00:57<00:01, 9.85MiB/s]
 
97%|█████████████████████████████████████▊ 
| 328M/338M [00:58<00:01, 9.97MiB/s]
 
97%|█████████████████████████████████████▉ 
| 329M/338M [00:58<00:01, 7.45MiB/s]
 98%|██████████████████████████████████████
▏| 330M/338M [00:58<00:00, 8.60MiB/s]
 98%|██████████████████████████████████████
▏| 331M/338M [00:59<00:02, 2.85MiB/s]
 98%|██████████████████████████████████████
▍| 332M/338M [00:59<00:01, 3.80MiB/s]
 99%|██████████████████████████████████████
▍| 333M/338M [00:59<00:01, 4.33MiB/s]
 99%|██████████████████████████████████████
▌| 334M/338M [01:00<00:01, 2.66MiB/s]
 99%|██████████████████████████████████████
▊| 336M/338M [01:01<00:00, 2.79MiB/s]
100%|██████████████████████████████████████
▊| 336M/338M [01:01<00:00, 2.65MiB/s]
100%|██████████████████████████████████████
█| 338M/338M [01:01<00:00, 5.76MiB/s]
  0%|          | 0/16 [00:00<?, ?it/s]
  6%|▋         | 1/16 [00:08<02:03,  8.22s/it]
 12%|█▎        | 2/16 [00:08<00:53,  3.81s/it]
 19%|█▉        | 3/16 [00:09<00:31,  2.43s/it]
 25%|██▌       | 4/16 [00:14<00:39,  3.29s/it]
 31%|███▏      | 5/16 [00:15<00:26,  2.43s/it]
 38%|███▊      | 6/16 [00:16<00:19,  1.91s/it]
 44%|████▍     | 7/16 [00:17<00:14,  1.60s/it]
 50%|█████     | 8/16 [00:18<00:11,  1.42s/it]
 56%|█████▋    | 9/16 [00:19<00:08,  1.26s/it]
 62%|██████▎   | 10/16 [00:20<00:07,  1.19s/it]
 69%|██████▉   | 11/16 [00:21<00:05,  1.12s/it]
 75%|███████▌  | 12/16 [00:21<00:04,  1.05s/it]
 81%|████████▏ | 13/16 [00:22<00:03,  1.01s/it]
 88%|████████▊ | 14/16 [00:26<00:03,  1.83s/it]
 94%|█████████▍| 15/16 [00:27<00:01,  1.55s/it]
100%|██████████| 16/16 [00:28<00:00,  1.35s/it]
100%|██████████| 16/16 [00:28<00:00,  1.77s/it]
docker.exe : 
At C:\GitProjects\beyond-proximity\scripts\run_conceptgraphs_full.ps1:109 char:9
+         & docker @mappingArgs 2>&1 | Tee-Object -FilePath (Join-Path  ...
+         ~~~~~~~~~~~~~~~~~~~~~~~~~~
    + CategoryInfo          : NotSpecified: (:String) [], RemoteException
    + FullyQualifiedErrorId : NativeCommandError
 
  0%|          | 0/16 [00:00<?, ?it/s]/opt/conda/lib/python3.10/site-packages/imageio/plugins/pillow.py:297: 
UserWarning: Loading 16-bit (uint16) PNG as int32 due to limitations in pillow's PNG decoder. This will be fixed in a 
future version of pillow which will make this warning dissapear.
  warnings.warn(
  6%|▋         | 1/16 [00:00<00:04,  3.22it/s]
 12%|█▎        | 2/16 [00:00<00:03,  4.41it/s]
 19%|█▉        | 3/16 [00:00<00:02,  4.95it/s]
 25%|██▌       | 4/16 [00:00<00:02,  5.03it/s]
 31%|███▏      | 5/16 [00:01<00:02,  5.39it/s]
 38%|███▊      | 6/16 [00:01<00:01,  5.68it/s]
 44%|████▍     | 7/16 [00:01<00:01,  5.77it/s]
 50%|█████     | 8/16 [00:01<00:01,  5.66it/s]
 56%|█████▋    | 9/16 [00:01<00:01,  5.72it/s]
 62%|██████▎   | 10/16 [00:01<00:01,  5.43it/s]
 69%|██████▉   | 11/16 [00:02<00:00,  5.32it/s]
 75%|███████▌  | 12/16 [00:02<00:00,  5.55it/s]
 81%|████████▏ | 13/16 [00:02<00:00,  5.64it/s]
 88%|████████▊ | 14/16 [00:02<00:00,  5.66it/s]
 94%|█████████▍| 15/16 [00:02<00:00,  5.84it/s]
100%|██████████| 16/16 [00:02<00:00,  6.02it/s]
100%|██████████| 16/16 [00:02<00:00,  5.50it/s]
Error executing job with overrides: ['dataset_root=/workspace/outputs/baselines/conceptgraphs_full_v1/native_data', 
'dataset_config=/workspace/outputs/baselines/conceptgraphs_full_v1/native_data/captured_scene.yaml', 
'scene_id=outdoor-drone-capture', 'start=0', 'end=16', 'stride=1', 'image_height=320', 'image_width=640', 
'detections_exp_suffix=semanticsplat_full_detections_v1', 'exp_suffix=semanticsplat_full_mapping_v1', 
'spatial_sim_type=iou', 'save_video=false', 'save_objects_all_frames=false', 'vis_render=false', 'use_rerun=false', 
'dbscan_remove_noise=false', 'run_denoise_final_frame=false', 'run_filter_final_frame=false', 
'run_merge_final_frame=false', 'obj_min_detections=1']
Traceback (most recent call last):
  File "/opt/conceptgraphs/conceptgraph/slam/streamlined_mapping.py", line 398, in main
    tracker.generate_report()
  File "/opt/conceptgraphs/conceptgraph/utils/logging_metrics.py", line 250, in generate_report
    df = df.sort_values(by="Sort Key", ascending=True)  # Ensure the total row is at the bottom
  File "/opt/conda/lib/python3.10/site-packages/pandas/core/frame.py", line 7211, in sort_values
    k = self._get_label_or_level_values(by[0], axis=axis)
  File "/opt/conda/lib/python3.10/site-packages/pandas/core/generic.py", line 1914, in _get_label_or_level_values
    raise KeyError(key)
KeyError: 'Sort Key'
Set the environment variable HYDRA_FULL_ERROR=1 for a complete stack trace.
docker.exe : /opt/conda/lib/python3.10/site-packages/timm/models/layers/__init__.py:49: FutureWarning: Importing from 
timm.models.layers is deprecated, please import via timm.layers
At C:\GitProjects\beyond-proximity\scripts\run_conceptgraphs_full.ps1:147 char:9
+         & docker @queryArgs 2>&1 | Tee-Object -FilePath (Join-Path $s ...
+         ~~~~~~~~~~~~~~~~~~~~~~~~
    + CategoryInfo          : NotSpecified: (/opt/conda/lib/...via timm.layers:String) [], RemoteException
    + FullyQualifiedErrorId : NativeCommandError
 
  warnings.warn(f"Importing from {__name__} is deprecated, please import via timm.layers", FutureWarning)
ConceptGraphs native map contains no objects
ConceptGraphs native batch query failed for outdoor-drone-capture
At C:\GitProjects\beyond-proximity\scripts\run_conceptgraphs_full.ps1:150 char:34
+ ... it -ne 0) { throw "ConceptGraphs native batch query failed for $scene ...
+                 ~~~~~~~~~~~~~~~~~~~~~~~~~~~~~~~~~~~~~~~~~~~~~~~~~~~~~~~~~
    + CategoryInfo          : OperationStopped: (ConceptGraphs n...r-drone-capture:String) [], RuntimeException
    + FullyQualifiedErrorId : ConceptGraphs native batch query failed for outdoor-drone-capture
 
